exports[`test renders correctly 1`] = `
<View
  style={
    Object {
      "alignItems": "center",
      "backgroundColor": "#09C6AB",
      "flex": 1,
      "justifyContent": "center",
      "paddingBottom": 60,
    }
  }>
  <View
    style={
      Object {
        "backgroundColor": "#EAE8E8",
        "borderRadius": 10,
        "marginBottom": 10,
        "marginLeft": 0,
        "marginRight": 0,
        "marginTop": 80,
        "width": 300,
      }
    }>
    <TextInput
      autoCapitalize="none"
      autoCorrect={false}
      onChange={[Function]}
      placeholder="Search contacts"
      style={
        Object {
          "color": "#02556D",
          "height": 40,
          "textAlign": "center",
        }
      } />
  </View>
  <ScrollView
    dataSource={
      ListViewDataSource {
        "items": "unknown",
      }
    }
    enableEmptySections={true}
    initialListSize={10}
    onContentSizeChange={[Function]}
    onEndReachedThreshold={1000}
    onKeyboardDidHide={undefined}
    onKeyboardDidShow={undefined}
    onKeyboardWillHide={undefined}
    onKeyboardWillShow={undefined}
    onLayout={[Function]}
    onScroll={[Function]}
    pageSize={1}
    removeClippedSubviews={true}
    renderRow={[Function]}
    scrollEventThrottle={50}
    scrollRenderAheadDistance={1000}
    stickyHeaderIndices={Array []} />
</View>
`;
