exports[`test renders correctly 1`] = `
<View
  accessibilityComponentType={undefined}
  accessibilityLabel={undefined}
  accessibilityTraits={undefined}
  accessible={true}
  hitSlop={undefined}
  onLayout={undefined}
  onResponderGrant={[Function]}
  onResponderMove={[Function]}
  onResponderRelease={[Function]}
  onResponderTerminate={[Function]}
  onResponderTerminationRequest={[Function]}
  onStartShouldSetResponder={[Function]}
  style={
    Array [
      Object {
        "backgroundColor": "transparent",
      },
      Object {
        "backgroundColor": "#09C6AB",
        "borderBottomWidth": 0.5,
        "borderColor": "#026d8b",
        "flex": 1,
        "paddingBottom": 10,
        "paddingLeft": 10,
        "paddingRight": 0,
        "paddingTop": 10,
        "width": 320,
      },
    ]
  }
  testID={undefined}>
  <View
    style={
      Object {
        "flexDirection": "row",
      }
    }>
    <View>
      <Image
        source={1}
        style={
          Object {
            "borderRadius": 37,
            "height": 75,
            "width": 75,
          }
        } />
    </View>
    <View
      style={
        Object {
          "flex": 1,
          "justifyContent": "center",
          "marginLeft": 20,
        }
      }>
      <Text
        accessible={true}
        allowFontScaling={true}
        ellipsizeMode="tail"
        style={
          Object {
            "color": "#013240",
            "fontSize": 16,
            "fontWeight": "bold",
            "paddingBottom": 5,
            "paddingLeft": 20,
            "paddingRight": 0,
            "paddingTop": 0,
          }
        }>
        undefined undefined
      </Text>
      <Text
        accessible={true}
        allowFontScaling={true}
        ellipsizeMode="tail"
        style={
          Object {
            "color": "#013240",
          }
        }>
        🎈
      </Text>
    </View>
  </View>
</View>
`;
